
> xemdi@0.1.0 build
> next build

   â–² Next.js 15.1.6
   - Environments: .env.local

   Creating an optimized production build ...
 âœ“ Compiled successfully
   Linting and checking validity of types ...
node.exe : 
At line:1 char:1
+ & "C:\Program Fil
es\nodejs/node.exe"
 "C:\Program Files\
nodejs/node_mo ...
+ ~~~~~~~~~~~~~~~~~
~~~~~~~~~~~~~~~~~~~
~~~~~~~~~~~~~~~~~~~
~~~~~~~~~~~~~~
    + CategoryInfo 
             : No  
  tSpecified: (:   
 String) [], Re    
moteException
    + FullyQualifi 
   edErrorId : Na  
  tiveCommandErr   
 or
 
Failed to compile.

./app/login/page.ts
x
16:75  Error: 
Unexpected any. 
Specify a 
different type.  @t
ypescript-eslint/no
-explicit-any
21:84  Error: 
Unexpected any. 
Specify a 
different type.  @t
ypescript-eslint/no
-explicit-any
21:98  Error: 
Unexpected any. 
Specify a 
different type.  @t
ypescript-eslint/no
-explicit-any

./app/movie/[slug]/
page.tsx
172:25  Warning: 
Using `<img>` 
could result in 
slower LCP and 
higher bandwidth. 
Consider using 
`<Image />` from 
`next/image` or a 
custom image 
loader to 
automatically 
optimize images. 
This may incur 
additional usage 
or cost from your 
provider. See: http
s://nextjs.org/docs
/messages/no-img-el
ement  @next/next/n
o-img-element

./app/page.tsx
7:9  Error: 
'supabase' is 
assigned a value 
but never used.  @t
ypescript-eslint/no
-unused-vars
8:15  Error: 
Unexpected any. 
Specify a 
different type.  @t
ypescript-eslint/no
-explicit-any
57:35  Error: 
Unexpected any. 
Specify a 
different type.  @t
ypescript-eslint/no
-explicit-any

./components/Player
.tsx
13:10  Error: 
'Play' is defined 
but never used.  @t
ypescript-eslint/no
-unused-vars
44:36  Error: 
'paused' is 
assigned a value 
but never used.  @t
ypescript-eslint/no
-unused-vars
145:46  Error: 
Unexpected any. 
Specify a 
different type.  @t
ypescript-eslint/no
-explicit-any

./lib/api.ts
1:85  Error: 
'EpisodeServer' is 
defined but never 
used.  @typescript-
eslint/no-unused-va
rs

./lib/supabase/midd
leware.ts
18:58  Error: 
'options' is 
defined but never 
used.  @typescript-
eslint/no-unused-va
rs

info  - Need to 
disable some 
ESLint rules? 
Learn more here: ht
tps://nextjs.org/do
cs/app/api-referenc
e/config/eslint#dis
abling-rules
