components/EpisodeSelector.tsx(4,10): error TS2305: Module '"@/lib/types"' has no exported member 'EpisodeServer'.
components/EpisodeSelector.tsx(21,50): error TS7006: Parameter 'ep' implicitly has an 'any' type.
components/Player.tsx(10,5): error TS2305: Module '"@vidstack/react"' has no exported member 'MediaProviderAdapter'.
components/Player.tsx(14,46): error TS2307: Cannot find module 'lucide-react' or its corresponding type declarations.
lib/api.ts(1,10): error TS2305: Module '"./types"' has no exported member 'MovieListResponse'.
